 
****************************************
Report : timing
        -path full
        -delay min
        -max_paths 2
Design : i2c_master_top
Version: O-2018.06-SP1
Date   : Sat Aug 29 21:50:50 2026
****************************************

Operating Conditions: WORST   Library: saed90nm_max_hvt
Wire Load Model Mode: enclosed

  Startpoint: wb_ack_o_reg
              (rising edge-triggered flip-flop clocked by wb_clk_i)
  Endpoint: wb_ack_o_reg
            (rising edge-triggered flip-flop clocked by wb_clk_i)
  Path Group: wb_clk_i
  Path Type: min

  Des/Clust/Port     Wire Load Model       Library
  ------------------------------------------------
  i2c_master_top     16000                 saed90nm_max_hvt

  Point                                    Incr       Path
  -----------------------------------------------------------
  clock wb_clk_i (rise edge)               0.00       0.00
  clock network delay (ideal)              0.00       0.00
  wb_ack_o_reg/CLK (DFFX1_HVT)             0.00       0.00 r
  wb_ack_o_reg/QN (DFFX1_HVT)              0.92       0.92 f
  C530/Q (AND2X1_HVT)                      0.48       1.40 f
  wb_ack_o_reg/D (DFFX1_HVT)               0.03       1.42 f
  data arrival time                                   1.42

  clock wb_clk_i (rise edge)               0.00       0.00
  clock network delay (ideal)              0.00       0.00
  clock uncertainty                        0.45       0.45
  wb_ack_o_reg/CLK (DFFX1_HVT)             0.00       0.45 r
  library hold time                       -0.02       0.43
  data required time                                  0.43
  -----------------------------------------------------------
  data required time                                  0.43
  data arrival time                                  -1.42
  -----------------------------------------------------------
  slack (MET)                                         0.99


  Startpoint: byte_controller/bit_controller/cSCL_reg[0]
              (rising edge-triggered flip-flop clocked by wb_clk_i)
  Endpoint: byte_controller/bit_controller/cSCL_reg[1]
            (rising edge-triggered flip-flop clocked by wb_clk_i)
  Path Group: wb_clk_i
  Path Type: min

  Des/Clust/Port     Wire Load Model       Library
  ------------------------------------------------
  i2c_master_top     16000                 saed90nm_max_hvt
  i2c_master_bit_ctrl
                     8000                  saed90nm_max_hvt

  Point                                                   Incr       Path
  --------------------------------------------------------------------------
  clock wb_clk_i (rise edge)                              0.00       0.00
  clock network delay (ideal)                             0.00       0.00
  byte_controller/bit_controller/cSCL_reg[0]/CLK (DFFARX1_HVT)
                                                          0.00       0.00 r
  byte_controller/bit_controller/cSCL_reg[0]/QN (DFFARX1_HVT)
                                                          1.06       1.06 r
  byte_controller/bit_controller/U114/QN (NOR2X0_HVT)     0.35       1.42 f
  byte_controller/bit_controller/cSCL_reg[1]/D (DFFARX1_HVT)
                                                          0.03       1.45 f
  data arrival time                                                  1.45

  clock wb_clk_i (rise edge)                              0.00       0.00
  clock network delay (ideal)                             0.00       0.00
  clock uncertainty                                       0.45       0.45
  byte_controller/bit_controller/cSCL_reg[1]/CLK (DFFARX1_HVT)
                                                          0.00       0.45 r
  library hold time                                      -0.05       0.40
  data required time                                                 0.40
  --------------------------------------------------------------------------
  data required time                                                 0.40
  data arrival time                                                 -1.45
  --------------------------------------------------------------------------
  slack (MET)                                                        1.05


1
