 
****************************************
Report : timing
        -path full
        -delay max
        -max_paths 2
Design : i2c_master_top
Version: O-2018.06-SP1
Date   : Sat Aug 29 21:50:50 2026
****************************************

Operating Conditions: WORST   Library: saed90nm_max_hvt
Wire Load Model Mode: enclosed

  Startpoint: byte_controller/bit_controller/cnt_reg[2]
              (rising edge-triggered flip-flop clocked by wb_clk_i)
  Endpoint: byte_controller/bit_controller/cnt_reg[3]
            (rising edge-triggered flip-flop clocked by wb_clk_i)
  Path Group: wb_clk_i
  Path Type: max

  Des/Clust/Port     Wire Load Model       Library
  ------------------------------------------------
  i2c_master_top     16000                 saed90nm_max_hvt
  i2c_master_bit_ctrl
                     8000                  saed90nm_max_hvt

  Point                                                   Incr       Path
  --------------------------------------------------------------------------
  clock wb_clk_i (rise edge)                              0.00       0.00
  clock network delay (ideal)                             0.00       0.00
  byte_controller/bit_controller/cnt_reg[2]/CLK (DFFARX1_HVT)
                                                          0.00       0.00 r
  byte_controller/bit_controller/cnt_reg[2]/Q (DFFARX1_HVT)
                                                          1.57       1.57 r
  byte_controller/bit_controller/U165/ZN (INVX0_HVT)      0.40       1.97 f
  byte_controller/bit_controller/U231/ZN (INVX0_HVT)      0.31       2.28 r
  byte_controller/bit_controller/U228/QN (NOR2X0_HVT)     0.26       2.55 f
  byte_controller/bit_controller/U226/QN (NAND2X1_HVT)
                                                          0.24       2.79 r
  byte_controller/bit_controller/U222/QN (NOR2X1_HVT)     0.27       3.06 f
  byte_controller/bit_controller/U122/QN (NAND2X1_HVT)
                                                          0.25       3.31 r
  byte_controller/bit_controller/U246/QN (NAND2X0_HVT)
                                                          0.64       3.95 f
  byte_controller/bit_controller/U197/ZN (INVX0_HVT)      0.26       4.21 r
  byte_controller/bit_controller/U147/QN (NAND2X1_HVT)
                                                          0.50       4.71 f
  byte_controller/bit_controller/U198/ZN (INVX0_HVT)      0.71       5.42 r
  byte_controller/bit_controller/U34/Q (AO222X1_HVT)      3.20       8.62 r
  byte_controller/bit_controller/cnt_reg[3]/D (DFFARX1_HVT)
                                                          0.03       8.65 r
  data arrival time                                                  8.65

  clock wb_clk_i (rise edge)                             10.00      10.00
  clock network delay (ideal)                             0.00      10.00
  clock uncertainty                                      -0.45       9.55
  byte_controller/bit_controller/cnt_reg[3]/CLK (DFFARX1_HVT)
                                                          0.00       9.55 r
  library setup time                                     -0.89       8.66
  data required time                                                 8.66
  --------------------------------------------------------------------------
  data required time                                                 8.66
  data arrival time                                                 -8.65
  --------------------------------------------------------------------------
  slack (MET)                                                        0.01


  Startpoint: byte_controller/bit_controller/cnt_reg[2]
              (rising edge-triggered flip-flop clocked by wb_clk_i)
  Endpoint: byte_controller/bit_controller/cnt_reg[0]
            (rising edge-triggered flip-flop clocked by wb_clk_i)
  Path Group: wb_clk_i
  Path Type: max

  Des/Clust/Port     Wire Load Model       Library
  ------------------------------------------------
  i2c_master_top     16000                 saed90nm_max_hvt
  i2c_master_bit_ctrl
                     8000                  saed90nm_max_hvt

  Point                                                   Incr       Path
  --------------------------------------------------------------------------
  clock wb_clk_i (rise edge)                              0.00       0.00
  clock network delay (ideal)                             0.00       0.00
  byte_controller/bit_controller/cnt_reg[2]/CLK (DFFARX1_HVT)
                                                          0.00       0.00 r
  byte_controller/bit_controller/cnt_reg[2]/Q (DFFARX1_HVT)
                                                          1.57       1.57 r
  byte_controller/bit_controller/U165/ZN (INVX0_HVT)      0.40       1.97 f
  byte_controller/bit_controller/U231/ZN (INVX0_HVT)      0.31       2.28 r
  byte_controller/bit_controller/U228/QN (NOR2X0_HVT)     0.26       2.55 f
  byte_controller/bit_controller/U226/QN (NAND2X1_HVT)
                                                          0.24       2.79 r
  byte_controller/bit_controller/U222/QN (NOR2X1_HVT)     0.27       3.06 f
  byte_controller/bit_controller/U122/QN (NAND2X1_HVT)
                                                          0.25       3.31 r
  byte_controller/bit_controller/U246/QN (NAND2X0_HVT)
                                                          0.64       3.95 f
  byte_controller/bit_controller/U197/ZN (INVX0_HVT)      0.26       4.21 r
  byte_controller/bit_controller/U147/QN (NAND2X1_HVT)
                                                          0.50       4.71 f
  byte_controller/bit_controller/U198/ZN (INVX0_HVT)      0.71       5.42 r
  byte_controller/bit_controller/U40/Q (AO222X1_HVT)      3.20       8.62 r
  byte_controller/bit_controller/cnt_reg[0]/D (DFFARX1_HVT)
                                                          0.03       8.65 r
  data arrival time                                                  8.65

  clock wb_clk_i (rise edge)                             10.00      10.00
  clock network delay (ideal)                             0.00      10.00
  clock uncertainty                                      -0.45       9.55
  byte_controller/bit_controller/cnt_reg[0]/CLK (DFFARX1_HVT)
                                                          0.00       9.55 r
  library setup time                                     -0.89       8.66
  data required time                                                 8.66
  --------------------------------------------------------------------------
  data required time                                                 8.66
  data arrival time                                                 -8.65
  --------------------------------------------------------------------------
  slack (MET)                                                        0.01


1
