 
****************************************
Report : qor
Design : i2c_master_top
Version: O-2018.06-SP1
Date   : Sat Aug 29 21:50:49 2026
****************************************


  Timing Path Group 'wb_clk_i'
  -----------------------------------
  Levels of Logic:              11.00
  Critical Path Length:          8.65
  Critical Path Slack:           0.01
  Critical Path Clk Period:     10.00
  Total Negative Slack:          0.00
  No. of Violating Paths:        0.00
  Worst Hold Violation:          0.00
  Total Hold Violation:          0.00
  No. of Hold Violations:        0.00
  -----------------------------------


  Cell Count
  -----------------------------------
  Hierarchical Cell Count:          4
  Hierarchical Port Count:        150
  Leaf Cell Count:                903
  Buf/Inv Cell Count:             294
  Buf Cell Count:                  52
  Inv Cell Count:                 242
  CT Buf/Inv Cell Count:            0
  Combinational Cell Count:       750
  Sequential Cell Count:          153
  Macro Count:                      0
  -----------------------------------


  Area
  -----------------------------------
  Combinational Area:     6809.702452
  Noncombinational Area:  4851.302469
  Buf/Inv Area:           2693.836858
  Total Buffer Area:           287.54
  Total Inverter Area:        2406.30
  Macro/Black Box Area:      0.000000
  Net Area:                515.084536
  -----------------------------------
  Cell Area:             11661.004921
  Design Area:           12176.089457


  Design Rules
  -----------------------------------
  Total Number of Nets:           984
  Nets With Violations:             0
  Max Trans Violations:             0
  Max Cap Violations:               0
  -----------------------------------


  Hostname: IC_EDA

  Compile CPU Statistics
  -----------------------------------------
  Resource Sharing:                    0.61
  Logic Optimization:                  0.60
  Mapping Optimization:                3.26
  -----------------------------------------
  Overall Compile Time:                7.69
  Overall Compile Wall Clock Time:    10.58

  --------------------------------------------------------------------

  Design  WNS: 0.00  TNS: 0.00  Number of Violating Paths: 0


  Design (Hold)  WNS: 0.00  TNS: 0.00  Number of Violating Paths: 0

  --------------------------------------------------------------------


1
