****************************************
Report : constraint
        -all_violators
Design : i2c_master_top
Version: O-2018.06-SP1
Date   : Sun Aug 30 01:06:58 2026
****************************************

   late_timing
   -----------

Information: Timer using 'SI, Timing Window Analysis, CRPR'. (TIM-050)
Endpoint                         Path Delay     Path Required       CRP    Slack Group    Scenario
----------------------------------------------------------------------------------------------------------
No paths.

   early_timing
   -----------

Information: Timer using 'SI, Timing Window Analysis, CRPR'. (TIM-050)
Endpoint                         Path Delay     Path Required       CRP    Slack Group    Scenario
----------------------------------------------------------------------------------------------------------
No paths.





   Total number of violation(s): 0
1
