****************************************
Report : timing
        -path_type full
        -delay_type max
        -max_paths 10
        -report_by design
Design : i2c_master_top
Version: O-2018.06-SP1
Date   : Sun Aug 30 01:06:57 2026
****************************************
Information: Timer using 'SI, Timing Window Analysis, CRPR'. (TIM-050)

  Startpoint: byte_controller/bit_controller/filter_cnt_reg_1_ (rising edge-triggered flip-flop clocked by wb_clk_i)
  Endpoint: byte_controller/bit_controller/filter_cnt_reg_13_ (rising edge-triggered flip-flop clocked by wb_clk_i)
  Mode: default
  Corner: default
  Scenario: default
  Path Group: wb_clk_i
  Path Type: max

  Point                                            Incr      Path  
  ------------------------------------------------------------------------
  clock wb_clk_i (rise edge)                       0.00      0.00
  clock network delay (propagated)                 2.12      2.12

  byte_controller/bit_controller/filter_cnt_reg_1_/CLK (DFFARX1_HVT)
                                                   0.00      2.12 r
  byte_controller/bit_controller/filter_cnt_reg_1_/QN (DFFARX1_HVT)
                                                   1.31      3.43 r
  byte_controller/bit_controller/U15/ZN (INVX0_HVT)
                                                   0.40      3.83 f
  byte_controller/bit_controller/sub_260/U41/Q (OR2X1_HVT)
                                                   0.52      4.36 f
  byte_controller/bit_controller/sub_260/U20/QN (NOR2X1_HVT)
                                                   0.30      4.66 r
  byte_controller/bit_controller/sub_260/U69/ZN (INVX0_HVT)
                                                   0.40      5.06 f
  byte_controller/bit_controller/sub_260/U57/Q (OR2X1_HVT)
                                                   0.53      5.59 f
  byte_controller/bit_controller/sub_260/U50/Q (OR2X1_HVT)
                                                   0.57      6.16 f
  byte_controller/bit_controller/sub_260/U61/QN (NOR2X1_HVT)
                                                   0.35      6.52 r
  byte_controller/bit_controller/sub_260/U35/QN (NAND2X1_HVT)
                                                   0.50      7.01 f
  byte_controller/bit_controller/sub_260/U3/Q (OR2X1_HVT)
                                                   0.55      7.57 f
  byte_controller/bit_controller/sub_260/U62/QN (NOR2X0_HVT)
                                                   0.31      7.87 r
  byte_controller/bit_controller/sub_260/U68/ZN (INVX0_HVT)
                                                   0.42      8.29 f
  byte_controller/bit_controller/sub_260/U66/QN (NOR2X0_HVT)
                                                   0.31      8.61 r
  byte_controller/bit_controller/sub_260/U65/Q (XOR2X1_HVT)
                                                   0.67      9.28 r
  byte_controller/bit_controller/U252/QN (NAND2X1_HVT)
                                                   0.28      9.56 f
  byte_controller/bit_controller/U253/QN (NAND2X0_HVT)
                                                   0.25      9.82 r
  byte_controller/bit_controller/filter_cnt_reg_13_/D (DFFARX1_HVT)
                                                   0.00      9.82 r
  data arrival time                                          9.82

  clock wb_clk_i (rise edge)                      10.00     10.00
  clock network delay (propagated)                 1.98     11.98
  clock reconvergence pessimism                    0.00     11.98
  byte_controller/bit_controller/filter_cnt_reg_13_/CLK (DFFARX1_HVT)
                                                   0.00     11.98 r
  clock uncertainty                               -0.45     11.53
  library setup time                              -0.75     10.77
  data required time                                        10.77
  ------------------------------------------------------------------------
  data required time                                        10.77
  data arrival time                                         -9.82
  ------------------------------------------------------------------------
  slack (MET)                                                0.95



  Startpoint: byte_controller/bit_controller/filter_cnt_reg_1_ (rising edge-triggered flip-flop clocked by wb_clk_i)
  Endpoint: byte_controller/bit_controller/filter_cnt_reg_12_ (rising edge-triggered flip-flop clocked by wb_clk_i)
  Mode: default
  Corner: default
  Scenario: default
  Path Group: wb_clk_i
  Path Type: max

  Point                                            Incr      Path  
  ------------------------------------------------------------------------
  clock wb_clk_i (rise edge)                       0.00      0.00
  clock network delay (propagated)                 2.12      2.12

  byte_controller/bit_controller/filter_cnt_reg_1_/CLK (DFFARX1_HVT)
                                                   0.00      2.12 r
  byte_controller/bit_controller/filter_cnt_reg_1_/QN (DFFARX1_HVT)
                                                   1.31      3.43 r
  byte_controller/bit_controller/U15/ZN (INVX0_HVT)
                                                   0.40      3.83 f
  byte_controller/bit_controller/sub_260/U41/Q (OR2X1_HVT)
                                                   0.52      4.36 f
  byte_controller/bit_controller/sub_260/U20/QN (NOR2X1_HVT)
                                                   0.30      4.66 r
  byte_controller/bit_controller/sub_260/U69/ZN (INVX0_HVT)
                                                   0.40      5.06 f
  byte_controller/bit_controller/sub_260/U57/Q (OR2X1_HVT)
                                                   0.53      5.59 f
  byte_controller/bit_controller/sub_260/U50/Q (OR2X1_HVT)
                                                   0.57      6.16 f
  byte_controller/bit_controller/sub_260/U61/QN (NOR2X1_HVT)
                                                   0.35      6.52 r
  byte_controller/bit_controller/sub_260/U35/QN (NAND2X1_HVT)
                                                   0.50      7.01 f
  byte_controller/bit_controller/sub_260/U3/Q (OR2X1_HVT)
                                                   0.55      7.57 f
  byte_controller/bit_controller/sub_260/U62/QN (NOR2X0_HVT)
                                                   0.31      7.87 r
  byte_controller/bit_controller/sub_260/U68/ZN (INVX0_HVT)
                                                   0.42      8.29 f
  byte_controller/bit_controller/sub_260/U67/Q (XNOR2X1_HVT)
                                                   1.01      9.30 r
  byte_controller/bit_controller/U118/QN (NAND2X1_HVT)
                                                   0.27      9.58 f
  byte_controller/bit_controller/U119/QN (NAND2X0_HVT)
                                                   0.24      9.81 r
  byte_controller/bit_controller/filter_cnt_reg_12_/D (DFFARX1_HVT)
                                                   0.00      9.81 r
  data arrival time                                          9.81

  clock wb_clk_i (rise edge)                      10.00     10.00
  clock network delay (propagated)                 1.98     11.98
  clock reconvergence pessimism                    0.00     11.98
  byte_controller/bit_controller/filter_cnt_reg_12_/CLK (DFFARX1_HVT)
                                                   0.00     11.98 r
  clock uncertainty                               -0.45     11.53
  library setup time                              -0.75     10.78
  data required time                                        10.78
  ------------------------------------------------------------------------
  data required time                                        10.78
  data arrival time                                         -9.81
  ------------------------------------------------------------------------
  slack (MET)                                                0.97



  Startpoint: byte_controller/bit_controller/cnt_reg_3_ (rising edge-triggered flip-flop clocked by wb_clk_i)
  Endpoint: byte_controller/bit_controller/cnt_reg_15_ (rising edge-triggered flip-flop clocked by wb_clk_i)
  Mode: default
  Corner: default
  Scenario: default
  Path Group: wb_clk_i
  Path Type: max

  Point                                            Incr      Path  
  ------------------------------------------------------------------------
  clock wb_clk_i (rise edge)                       0.00      0.00
  clock network delay (propagated)                 1.99      1.99

  byte_controller/bit_controller/cnt_reg_3_/CLK (DFFARX1_HVT)
                                                   0.00      1.99 r
  byte_controller/bit_controller/cnt_reg_3_/Q (DFFARX1_HVT)
                                                   1.80      3.80 f
  byte_controller/bit_controller/sub_228/U24/QN (NOR2X1_HVT)
                                                   0.32      4.11 r
  byte_controller/bit_controller/sub_228/U41/QN (NAND2X1_HVT)
                                                   0.35      4.47 f
  byte_controller/bit_controller/sub_228/U39/QN (NOR2X1_HVT)
                                                   0.23      4.69 r
  byte_controller/bit_controller/sub_228/U37/QN (NAND2X1_HVT)
                                                   0.45      5.15 f
  byte_controller/bit_controller/sub_228/U6/QN (NOR2X1_HVT)
                                                   0.39      5.53 r
  byte_controller/bit_controller/sub_228/U71/ZN (INVX0_HVT)
                                                   0.37      5.90 f
  byte_controller/bit_controller/sub_228/U59/QN (NOR2X0_HVT)
                                                   0.31      6.21 r
  byte_controller/bit_controller/sub_228/U70/ZN (INVX0_HVT)
                                                   0.38      6.59 f
  byte_controller/bit_controller/sub_228/U13/Q (OR2X1_HVT)
                                                   0.46      7.05 f
  byte_controller/bit_controller/sub_228/U14/QN (NOR2X0_HVT)
                                                   0.36      7.42 r
  byte_controller/bit_controller/sub_228/U25/ZN (INVX0_HVT)
                                                   0.45      7.87 f
  byte_controller/bit_controller/sub_228/U65/QN (NOR2X0_HVT)
                                                   0.32      8.18 r
  byte_controller/bit_controller/sub_228/U64/Q (XOR2X1_HVT)
                                                   0.68      8.86 r
  byte_controller/bit_controller/U10/Q (AO222X1_HVT)
                                                   0.89      9.75 r
  byte_controller/bit_controller/cnt_reg_15_/D (DFFARX1_HVT)
                                                   0.00      9.75 r
  data arrival time                                          9.75

  clock wb_clk_i (rise edge)                      10.00     10.00
  clock network delay (propagated)                 1.98     11.98
  clock reconvergence pessimism                    0.00     11.98
  byte_controller/bit_controller/cnt_reg_15_/CLK (DFFARX1_HVT)
                                                   0.00     11.98 r
  clock uncertainty                               -0.45     11.53
  library setup time                              -0.75     10.77
  data required time                                        10.77
  ------------------------------------------------------------------------
  data required time                                        10.77
  data arrival time                                         -9.75
  ------------------------------------------------------------------------
  slack (MET)                                                1.02



  Startpoint: byte_controller/bit_controller/cnt_reg_3_ (rising edge-triggered flip-flop clocked by wb_clk_i)
  Endpoint: byte_controller/bit_controller/cnt_reg_13_ (rising edge-triggered flip-flop clocked by wb_clk_i)
  Mode: default
  Corner: default
  Scenario: default
  Path Group: wb_clk_i
  Path Type: max

  Point                                            Incr      Path  
  ------------------------------------------------------------------------
  clock wb_clk_i (rise edge)                       0.00      0.00
  clock network delay (propagated)                 1.99      1.99

  byte_controller/bit_controller/cnt_reg_3_/CLK (DFFARX1_HVT)
                                                   0.00      1.99 r
  byte_controller/bit_controller/cnt_reg_3_/Q (DFFARX1_HVT)
                                                   1.80      3.80 f
  byte_controller/bit_controller/sub_228/U24/QN (NOR2X1_HVT)
                                                   0.32      4.11 r
  byte_controller/bit_controller/sub_228/U41/QN (NAND2X1_HVT)
                                                   0.35      4.47 f
  byte_controller/bit_controller/sub_228/U39/QN (NOR2X1_HVT)
                                                   0.23      4.69 r
  byte_controller/bit_controller/sub_228/U37/QN (NAND2X1_HVT)
                                                   0.45      5.15 f
  byte_controller/bit_controller/sub_228/U6/QN (NOR2X1_HVT)
                                                   0.39      5.53 r
  byte_controller/bit_controller/sub_228/U71/ZN (INVX0_HVT)
                                                   0.37      5.90 f
  byte_controller/bit_controller/sub_228/U59/QN (NOR2X0_HVT)
                                                   0.31      6.21 r
  byte_controller/bit_controller/sub_228/U70/ZN (INVX0_HVT)
                                                   0.38      6.59 f
  byte_controller/bit_controller/sub_228/U42/Q (OR2X1_HVT)
                                                   0.55      7.14 f
  byte_controller/bit_controller/sub_228/U29/Q (OR2X1_HVT)
                                                   0.53      7.67 f
  byte_controller/bit_controller/sub_228/U23/QN (NOR2X0_HVT)
                                                   0.39      8.06 r
  byte_controller/bit_controller/sub_228/U38/ZN (INVX0_HVT)
                                                   0.40      8.46 f
  byte_controller/bit_controller/sub_228/U10/Q (AO21X1_HVT)
                                                   0.66      9.12 f
  byte_controller/bit_controller/U104/Q (AO222X1_HVT)
                                                   0.82      9.94 f
  byte_controller/bit_controller/cnt_reg_13_/D (DFFARX1_HVT)
                                                   0.00      9.94 f
  data arrival time                                          9.94

  clock wb_clk_i (rise edge)                      10.00     10.00
  clock network delay (propagated)                 1.99     11.99
  clock reconvergence pessimism                    0.00     11.99
  byte_controller/bit_controller/cnt_reg_13_/CLK (DFFARX1_HVT)
                                                   0.00     11.99 r
  clock uncertainty                               -0.45     11.54
  library setup time                              -0.52     11.02
  data required time                                        11.02
  ------------------------------------------------------------------------
  data required time                                        11.02
  data arrival time                                         -9.94
  ------------------------------------------------------------------------
  slack (MET)                                                1.09



  Startpoint: byte_controller/bit_controller/cnt_reg_3_ (rising edge-triggered flip-flop clocked by wb_clk_i)
  Endpoint: byte_controller/bit_controller/cnt_reg_14_ (rising edge-triggered flip-flop clocked by wb_clk_i)
  Mode: default
  Corner: default
  Scenario: default
  Path Group: wb_clk_i
  Path Type: max

  Point                                            Incr      Path  
  ------------------------------------------------------------------------
  clock wb_clk_i (rise edge)                       0.00      0.00
  clock network delay (propagated)                 1.99      1.99

  byte_controller/bit_controller/cnt_reg_3_/CLK (DFFARX1_HVT)
                                                   0.00      1.99 r
  byte_controller/bit_controller/cnt_reg_3_/Q (DFFARX1_HVT)
                                                   1.80      3.80 f
  byte_controller/bit_controller/sub_228/U24/QN (NOR2X1_HVT)
                                                   0.32      4.11 r
  byte_controller/bit_controller/sub_228/U41/QN (NAND2X1_HVT)
                                                   0.35      4.47 f
  byte_controller/bit_controller/sub_228/U39/QN (NOR2X1_HVT)
                                                   0.23      4.69 r
  byte_controller/bit_controller/sub_228/U37/QN (NAND2X1_HVT)
                                                   0.45      5.15 f
  byte_controller/bit_controller/sub_228/U6/QN (NOR2X1_HVT)
                                                   0.39      5.53 r
  byte_controller/bit_controller/sub_228/U71/ZN (INVX0_HVT)
                                                   0.37      5.90 f
  byte_controller/bit_controller/sub_228/U59/QN (NOR2X0_HVT)
                                                   0.31      6.21 r
  byte_controller/bit_controller/sub_228/U70/ZN (INVX0_HVT)
                                                   0.38      6.59 f
  byte_controller/bit_controller/sub_228/U13/Q (OR2X1_HVT)
                                                   0.46      7.05 f
  byte_controller/bit_controller/sub_228/U14/QN (NOR2X0_HVT)
                                                   0.36      7.42 r
  byte_controller/bit_controller/sub_228/U67/ZN (INVX0_HVT)
                                                   0.40      7.81 f
  byte_controller/bit_controller/sub_228/U66/Q (XNOR2X1_HVT)
                                                   0.96      8.78 r
  byte_controller/bit_controller/U12/Q (AO222X1_HVT)
                                                   0.91      9.69 r
  byte_controller/bit_controller/cnt_reg_14_/D (DFFARX1_HVT)
                                                   0.00      9.69 r
  data arrival time                                          9.69

  clock wb_clk_i (rise edge)                      10.00     10.00
  clock network delay (propagated)                 1.99     11.99
  clock reconvergence pessimism                    0.00     11.99
  byte_controller/bit_controller/cnt_reg_14_/CLK (DFFARX1_HVT)
                                                   0.00     11.99 r
  clock uncertainty                               -0.45     11.54
  library setup time                              -0.75     10.79
  data required time                                        10.79
  ------------------------------------------------------------------------
  data required time                                        10.79
  data arrival time                                         -9.69
  ------------------------------------------------------------------------
  slack (MET)                                                1.10



  Startpoint: byte_controller/bit_controller/cnt_reg_3_ (rising edge-triggered flip-flop clocked by wb_clk_i)
  Endpoint: byte_controller/bit_controller/cnt_reg_12_ (rising edge-triggered flip-flop clocked by wb_clk_i)
  Mode: default
  Corner: default
  Scenario: default
  Path Group: wb_clk_i
  Path Type: max

  Point                                            Incr      Path  
  ------------------------------------------------------------------------
  clock wb_clk_i (rise edge)                       0.00      0.00
  clock network delay (propagated)                 1.99      1.99

  byte_controller/bit_controller/cnt_reg_3_/CLK (DFFARX1_HVT)
                                                   0.00      1.99 r
  byte_controller/bit_controller/cnt_reg_3_/Q (DFFARX1_HVT)
                                                   1.80      3.80 f
  byte_controller/bit_controller/sub_228/U24/QN (NOR2X1_HVT)
                                                   0.32      4.11 r
  byte_controller/bit_controller/sub_228/U41/QN (NAND2X1_HVT)
                                                   0.35      4.47 f
  byte_controller/bit_controller/sub_228/U39/QN (NOR2X1_HVT)
                                                   0.23      4.69 r
  byte_controller/bit_controller/sub_228/U37/QN (NAND2X1_HVT)
                                                   0.45      5.15 f
  byte_controller/bit_controller/sub_228/U6/QN (NOR2X1_HVT)
                                                   0.39      5.53 r
  byte_controller/bit_controller/sub_228/U71/ZN (INVX0_HVT)
                                                   0.37      5.90 f
  byte_controller/bit_controller/sub_228/U59/QN (NOR2X0_HVT)
                                                   0.31      6.21 r
  byte_controller/bit_controller/sub_228/U70/ZN (INVX0_HVT)
                                                   0.38      6.59 f
  byte_controller/bit_controller/sub_228/U42/Q (OR2X1_HVT)
                                                   0.55      7.14 f
  byte_controller/bit_controller/sub_228/U29/Q (OR2X1_HVT)
                                                   0.53      7.67 f
  byte_controller/bit_controller/sub_228/U23/QN (NOR2X0_HVT)
                                                   0.39      8.06 r
  byte_controller/bit_controller/sub_228/U68/Q (AO21X1_HVT)
                                                   0.55      8.60 r
  byte_controller/bit_controller/U16/Q (AO222X1_HVT)
                                                   0.92      9.52 r
  byte_controller/bit_controller/cnt_reg_12_/D (DFFARX1_HVT)
                                                   0.00      9.52 r
  data arrival time                                          9.52

  clock wb_clk_i (rise edge)                      10.00     10.00
  clock network delay (propagated)                 2.02     12.02
  clock reconvergence pessimism                    0.00     12.02
  byte_controller/bit_controller/cnt_reg_12_/CLK (DFFARX1_HVT)
                                                   0.00     12.02 r
  clock uncertainty                               -0.45     11.57
  library setup time                              -0.77     10.80
  data required time                                        10.80
  ------------------------------------------------------------------------
  data required time                                        10.80
  data arrival time                                         -9.52
  ------------------------------------------------------------------------
  slack (MET)                                                1.28



  Startpoint: byte_controller/bit_controller/c_state_reg_14_ (rising edge-triggered flip-flop clocked by wb_clk_i)
  Endpoint: byte_controller/bit_controller/c_state_reg_13_ (rising edge-triggered flip-flop clocked by wb_clk_i)
  Mode: default
  Corner: default
  Scenario: default
  Path Group: wb_clk_i
  Path Type: max

  Point                                            Incr      Path  
  ------------------------------------------------------------------------
  clock wb_clk_i (rise edge)                       0.00      0.00
  clock network delay (propagated)                 1.96      1.96

  byte_controller/bit_controller/c_state_reg_14_/CLK (DFFARX1_HVT)
                                                   0.00      1.96 r
  byte_controller/bit_controller/c_state_reg_14_/Q (DFFARX1_HVT)
                                                   1.82      3.79 f
  byte_controller/bit_controller/U27/ZN (INVX0_HVT)
                                                   0.21      4.00 r
  byte_controller/bit_controller/U31/QN (NAND2X0_HVT)
                                                   0.35      4.35 f
  byte_controller/bit_controller/U33/ZN (INVX0_HVT)
                                                   0.23      4.58 r
  byte_controller/bit_controller/U30/QN (NAND2X0_HVT)
                                                   0.48      5.06 f
  byte_controller/bit_controller/U23/ZN (INVX0_HVT)
                                                   0.34      5.41 r
  byte_controller/bit_controller/U139/QN (NAND4X0_HVT)
                                                   0.53      5.93 f
  byte_controller/bit_controller/U133/Q (OR2X1_HVT)
                                                   0.61      6.55 f
  byte_controller/bit_controller/U132/QN (NOR2X0_HVT)
                                                   0.34      6.89 r
  byte_controller/bit_controller/U131/ZN (INVX0_HVT)
                                                   0.47      7.36 f
  byte_controller/bit_controller/U56/QN (NOR3X1_HVT)
                                                   0.93      8.29 r
  byte_controller/bit_controller/U47/QN (NAND4X0_HVT)
                                                   0.43      8.73 f
  byte_controller/bit_controller/U46/QN (OAI21X1_HVT)
                                                   0.81      9.53 r
  byte_controller/bit_controller/c_state_reg_13_/D (DFFARX1_HVT)
                                                   0.00      9.53 r
  data arrival time                                          9.53

  clock wb_clk_i (rise edge)                      10.00     10.00
  clock network delay (propagated)                 2.01     12.01
  clock reconvergence pessimism                    0.00     12.01
  byte_controller/bit_controller/c_state_reg_13_/CLK (DFFARX1_HVT)
                                                   0.00     12.01 r
  clock uncertainty                               -0.45     11.56
  library setup time                              -0.65     10.91
  data required time                                        10.91
  ------------------------------------------------------------------------
  data required time                                        10.91
  data arrival time                                         -9.53
  ------------------------------------------------------------------------
  slack (MET)                                                1.38



  Startpoint: byte_controller/bit_controller/c_state_reg_14_ (rising edge-triggered flip-flop clocked by wb_clk_i)
  Endpoint: byte_controller/bit_controller/c_state_reg_0_ (rising edge-triggered flip-flop clocked by wb_clk_i)
  Mode: default
  Corner: default
  Scenario: default
  Path Group: wb_clk_i
  Path Type: max

  Point                                            Incr      Path  
  ------------------------------------------------------------------------
  clock wb_clk_i (rise edge)                       0.00      0.00
  clock network delay (propagated)                 1.96      1.96

  byte_controller/bit_controller/c_state_reg_14_/CLK (DFFARX1_HVT)
                                                   0.00      1.96 r
  byte_controller/bit_controller/c_state_reg_14_/Q (DFFARX1_HVT)
                                                   1.82      3.79 f
  byte_controller/bit_controller/U27/ZN (INVX0_HVT)
                                                   0.21      4.00 r
  byte_controller/bit_controller/U31/QN (NAND2X0_HVT)
                                                   0.35      4.35 f
  byte_controller/bit_controller/U33/ZN (INVX0_HVT)
                                                   0.23      4.58 r
  byte_controller/bit_controller/U30/QN (NAND2X0_HVT)
                                                   0.48      5.06 f
  byte_controller/bit_controller/U23/ZN (INVX0_HVT)
                                                   0.34      5.41 r
  byte_controller/bit_controller/U139/QN (NAND4X0_HVT)
                                                   0.53      5.93 f
  byte_controller/bit_controller/U133/Q (OR2X1_HVT)
                                                   0.61      6.55 f
  byte_controller/bit_controller/U132/QN (NOR2X0_HVT)
                                                   0.34      6.89 r
  byte_controller/bit_controller/U131/ZN (INVX0_HVT)
                                                   0.47      7.36 f
  byte_controller/bit_controller/U56/QN (NOR3X1_HVT)
                                                   0.93      8.29 r
  byte_controller/bit_controller/U88/QN (NAND4X0_HVT)
                                                   0.44      8.73 f
  byte_controller/bit_controller/U87/QN (OAI21X1_HVT)
                                                   0.80      9.53 r
  byte_controller/bit_controller/c_state_reg_0_/D (DFFARX1_HVT)
                                                   0.00      9.53 r
  data arrival time                                          9.53

  clock wb_clk_i (rise edge)                      10.00     10.00
  clock network delay (propagated)                 2.01     12.01
  clock reconvergence pessimism                    0.00     12.01
  byte_controller/bit_controller/c_state_reg_0_/CLK (DFFARX1_HVT)
                                                   0.00     12.01 r
  clock uncertainty                               -0.45     11.56
  library setup time                              -0.65     10.92
  data required time                                        10.92
  ------------------------------------------------------------------------
  data required time                                        10.92
  data arrival time                                         -9.53
  ------------------------------------------------------------------------
  slack (MET)                                                1.39



  Startpoint: byte_controller/bit_controller/c_state_reg_14_ (rising edge-triggered flip-flop clocked by wb_clk_i)
  Endpoint: byte_controller/bit_controller/c_state_reg_5_ (rising edge-triggered flip-flop clocked by wb_clk_i)
  Mode: default
  Corner: default
  Scenario: default
  Path Group: wb_clk_i
  Path Type: max

  Point                                            Incr      Path  
  ------------------------------------------------------------------------
  clock wb_clk_i (rise edge)                       0.00      0.00
  clock network delay (propagated)                 1.96      1.96

  byte_controller/bit_controller/c_state_reg_14_/CLK (DFFARX1_HVT)
                                                   0.00      1.96 r
  byte_controller/bit_controller/c_state_reg_14_/Q (DFFARX1_HVT)
                                                   1.82      3.79 f
  byte_controller/bit_controller/U27/ZN (INVX0_HVT)
                                                   0.21      4.00 r
  byte_controller/bit_controller/U31/QN (NAND2X0_HVT)
                                                   0.35      4.35 f
  byte_controller/bit_controller/U33/ZN (INVX0_HVT)
                                                   0.23      4.58 r
  byte_controller/bit_controller/U30/QN (NAND2X0_HVT)
                                                   0.48      5.06 f
  byte_controller/bit_controller/U23/ZN (INVX0_HVT)
                                                   0.34      5.41 r
  byte_controller/bit_controller/U139/QN (NAND4X0_HVT)
                                                   0.53      5.93 f
  byte_controller/bit_controller/U133/Q (OR2X1_HVT)
                                                   0.61      6.55 f
  byte_controller/bit_controller/U132/QN (NOR2X0_HVT)
                                                   0.34      6.89 r
  byte_controller/bit_controller/U131/ZN (INVX0_HVT)
                                                   0.47      7.36 f
  byte_controller/bit_controller/U56/QN (NOR3X1_HVT)
                                                   0.93      8.29 r
  byte_controller/bit_controller/U59/Q (AND2X1_HVT)
                                                   0.54      8.84 r
  byte_controller/bit_controller/U58/Q (AO22X1_HVT)
                                                   0.62      9.45 r
  byte_controller/bit_controller/c_state_reg_5_/D (DFFARX1_HVT)
                                                   0.00      9.45 r
  data arrival time                                          9.45

  clock wb_clk_i (rise edge)                      10.00     10.00
  clock network delay (propagated)                 2.12     12.12
  clock reconvergence pessimism                    0.00     12.12
  byte_controller/bit_controller/c_state_reg_5_/CLK (DFFARX1_HVT)
                                                   0.00     12.12 r
  clock uncertainty                               -0.45     11.67
  library setup time                              -0.71     10.96
  data required time                                        10.96
  ------------------------------------------------------------------------
  data required time                                        10.96
  data arrival time                                         -9.45
  ------------------------------------------------------------------------
  slack (MET)                                                1.50



  Startpoint: wb_rst_i (input port clocked by wb_clk_i)
  Endpoint: byte_controller/bit_controller/cnt_reg_0_ (rising edge-triggered flip-flop clocked by wb_clk_i)
  Mode: default
  Corner: default
  Scenario: default
  Path Group: wb_clk_i
  Path Type: max

  Point                                            Incr      Path  
  ------------------------------------------------------------------------
  clock wb_clk_i (rise edge)                       0.00      0.00
  clock network delay (ideal)                      1.85      1.85
  input external delay                             1.00      2.85

  wb_rst_i (in)                                    0.17      3.02 f
  PLACE_HFSINV_3877_f_57/ZN (INVX0_HVT)            0.65      3.67 r
  PLACE_HFSBUF_1894_55/Z (NBUFFX2_HVT)             1.00      4.67 r
  byte_controller/bit_controller/U221/QN (NAND2X1_HVT)
                                                   0.33      5.01 f
  byte_controller/bit_controller/U187/ZN (INVX0_HVT)
                                                   0.20      5.20 r
  byte_controller/bit_controller/U171/QN (NAND2X1_HVT)
                                                   0.30      5.50 f
  byte_controller/bit_controller/U186/ZN (INVX1_HVT)
                                                   0.26      5.77 r
  byte_controller/bit_controller/U246/QN (NAND2X0_HVT)
                                                   0.41      6.17 f
  byte_controller/bit_controller/U197/ZN (INVX0_HVT)
                                                   0.39      6.56 r
  byte_controller/bit_controller/U91/ZN (IBUFFX4_HVT)
                                                   0.76      7.32 f
  byte_controller/bit_controller/U204/QN (NOR2X0_HVT)
                                                   0.53      7.85 r
  byte_controller/bit_controller/U40/Q (AO222X1_HVT)
                                                   1.30      9.15 r
  byte_controller/bit_controller/cnt_reg_0_/D (DFFARX1_HVT)
                                                   0.00      9.15 r
  data arrival time                                          9.15

  clock wb_clk_i (rise edge)                      10.00     10.00
  clock network delay (propagated)                 2.02     12.02
  clock reconvergence pessimism                    0.00     12.02
  byte_controller/bit_controller/cnt_reg_0_/CLK (DFFARX1_HVT)
                                                   0.00     12.02 r
  clock uncertainty                               -0.45     11.57
  library setup time                              -0.76     10.81
  data required time                                        10.81
  ------------------------------------------------------------------------
  data required time                                        10.81
  data arrival time                                         -9.15
  ------------------------------------------------------------------------
  slack (MET)                                                1.66


1
