****************************************
Report : net
Design : i2c_master_top
Version: O-2018.06-SP1
Date   : Sun Aug 30 00:32:15 2026
****************************************

Attributes
    d - user dont_touch
    D - derived dont_touch


Net                 Fanout    Fanin   Pins         Attributes
--------------------------------------------------------------------------------
*Logic0*                 0        0      0         
*Logic1*                 0        0      0         
N100                     3        1      4         
N101                     1        1      2         
N102                     1        1      2         
N103                     1        1      2         
N104                     2        1      3         
N105                     1        1      2         
N106                     4        1      5         
N107                     1        1      2         
N108                     1        1      2         
N109                     1        1      2         
N110                     1        1      2         
N116                     1        1      2         
N117                     1        1      2         
N118                     1        1      2         
N119                     1        1      2         
N120                     1        1      2         
N121                     1        1      2         
N122                     1        1      2         
N126                     1        1      2         
N127                     1        1      2         
N128                     5        1      6         
N129                     1        1      2         
N130                     1        1      2         
N131                     1        1      2         
N132                     1        1      2         
N133                     1        1      2         
N134                     1        1      2         
N135                     1        1      2         
N136                     1        1      2         
N137                     1        1      2         
N138                     1        1      2         
N23                      1        1      2         
N26                      1        1      2         
N28                      1        1      2         
N29                      2        1      3         
N30                      4        1      5         
N31                      2        1      3         
N36                      3        1      4         
N46                      1        1      2         
N47                      1        1      2         
N48                      1        1      2         
N49                      1        1      2         
N50                      1        1      2         
N51                      1        1      2         
N52                      1        1      2         
N53                      1        1      2         
N59                      1        1      2         
N60                      2        1      3         
N72                      2        1      3         
N73                      2        1      3         
N74                      2        1      3         
N75                      2        1      3         
N76                      2        1      3         
N77                      2        1      3         
N78                      2        1      3         
N79                      2        1      3         
N80                      2        1      3         
N81                      4        1      5         
N82                      8        1      9         
N83                      2        1      3         
N84                      2        1      3         
N85                      2        1      3         
N86                      2        1      3         
N87                      2        1      3         
N88                      2        1      3         
N89                      2        1      3         
N90                      2        1      3         
N91                      3        1      4         
N98                      2        1      3         
N99                      1        1      2         
PLACE_HFSNET_10          6        1      7         
PLACE_HFSNET_11          9        1     10         
PLACE_HFSNET_12         10        1     11         
PLACE_HFSNET_13          7        1      8         
PLACE_HFSNET_14          5        1      6         
PLACE_HFSNET_16          8        1      9         
PLACE_HFSNET_17          7        1      8         
PLACE_HFSNET_18          9        1     10         
PLACE_HFSNET_23          6        1      7         
PLACE_HFSNET_24          7        1      8         
PLACE_HFSNET_28          7        1      8         
PLACE_HFSNET_29          8        1      9         
PLACE_HFSNET_34          6        1      7         
PLACE_HFSNET_41          8        1      9         
PLACE_HFSNET_44          9        1     10         
PLACE_HFSNET_47          2        1      3         
PLACE_HFSNET_48          9        1     10         
PLACE_HFSNET_50          6        1      7         
PLACE_HFSNET_51          4        1      5         
PLACE_HFSNET_52         10        1     11         
PLACE_HFSNET_9           7        1      8         
VDD                      0        0      0         
VSS                      0        0      0         
arst_i                   1        1      2         
cr[0]                    2        1      3         
cr[1]                    2        1      3         
cr[2]                    2        1      3         
cr[3]                    3        1      4         
cr[4]                    3        1      4         
cr[5]                    4        1      5         
cr[6]                    2        1      3         
cr[7]                    4        1      5         
ctr[0]                   2        1      3         
ctr[1]                   2        1      3         
ctr[2]                   2        1      3         
ctr[3]                   2        1      3         
ctr[4]                   2        1      3         
ctr[5]                   2        1      3         
ctr[6]                   3        1      4         
ctr[7]                   3        1      4         
dft_clk_i                1        1      2         
dft_rst_i                1        1      2         
done                     3        1      4         
i2c_al                   4        1      5         
irxack                   2        1      3         
n10                      3        1      4         
n108                     1        1      2         
n109                     3        1      4         
n111                     5        1      6         
n114                     1        1      2         
n115                     2        1      3         
n116                     5        1      6         
n117                     1        1      2         
n119                     1        1      2         
n120                     3        1      4         
n125                     4        1      5         
n129                     4        1      5         
n13                      2        1      3         
n130                     4        1      5         
n132                     1        1      2         
n133                     8        1      9         
n136                     8        1      9         
n137                     3        1      4         
n139                     1        1      2         
n14                      2        1      3         
n140                     3        1      4         
n145                     4        1      5         
n15                      2        1      3         
n150                     1        1      2         
n151                     3        1      4         
n152                     2        1      3         
n153                     3        1      4         
n154                     3        1      4         
n155                     1        1      2         
n156                     2        1      3         
n16                      2        1      3         
n17                      2        1      3         
n18                      2        1      3         
n19                      2        1      3         
n20                      2        1      3         
n21                      3        1      4         
n22                      8        1      9         
n23                      3        1      4         
n24                      4        1      5         
n25                      1        1      2         
n26                      1        1      2         
n27                      8        1      9         
n28                      1        1      2         
n29                      1        1      2         
n30                      1        1      2         
n31                      1        1      2         
n32                      1        1      2         
n33                      1        1      2         
n34                      1        1      2         
n35                      1        1      2         
n36                      1        1      2         
n37                      1        1      2         
n38                      1        1      2         
n39                      1        1      2         
n40                      1        1      2         
n41                      1        1      2         
n42                      1        1      2         
n43                      1        1      2         
n44                      1        1      2         
n45                      1        1      2         
n46                      1        1      2         
n47                      1        1      2         
n49                     10        1     11         
n50                      1        1      2         
n51                      1        1      2         
n52                      1        1      2         
n53                      1        1      2         
n54                      1        1      2         
n55                      1        1      2         
n56                      1        1      2         
n57                      1        1      2         
n58                      1        1      2         
n59                      1        1      2         
n60                      1        1      2         
n61                      1        1      2         
n62                      1        1      2         
n63                      1        1      2         
n64                      1        1      2         
n65                      1        1      2         
n66                      1        1      2         
n67                      1        1      2         
n68                      1        1      2         
n69                      1        1      2         
n70                      1        1      2         
n71                      1        1      2         
n72                      1        1      2         
n73                      1        1      2         
n74                      1        1      2         
n75                      1        1      2         
n76                      1        1      2         
n77                      1        1      2         
n78                      1        1      2         
n79                      1        1      2         
n80                      1        1      2         
n81                      1        1      2         
n82                      1        1      2         
n83                      1        1      2         
n84                      1        1      2         
n85                      1        1      2         
n86                      1        1      2         
n87                      1        1      2         
n88                      1        1      2         
n89                      1        1      2         
n9                       3        1      4         
optlc_net_0              1        1      2         
optlc_net_1              1        1      2         
optlc_net_10             1        1      2         
optlc_net_11             1        1      2         
optlc_net_12             1        1      2         
optlc_net_13             1        1      2         
optlc_net_14             1        1      2         
optlc_net_15             1        1      2         
optlc_net_16             1        1      2         
optlc_net_17             1        1      2         
optlc_net_18             1        1      2         
optlc_net_19             1        1      2         
optlc_net_2              1        1      2         
optlc_net_20             1        1      2         
optlc_net_21             1        1      2         
optlc_net_22             1        1      2         
optlc_net_23             1        1      2         
optlc_net_24             1        1      2         
optlc_net_25             1        1      2         
optlc_net_26             1        1      2         
optlc_net_27             1        1      2         
optlc_net_28             1        1      2         
optlc_net_29             1        1      2         
optlc_net_3              1        1      2         
optlc_net_30             1        1      2         
optlc_net_31             1        1      2         
optlc_net_32             1        1      2         
optlc_net_33             1        1      2         
optlc_net_34             1        1      2         
optlc_net_35             1        1      2         
optlc_net_36             1        1      2         
optlc_net_37             1        1      2         
optlc_net_38             1        1      2         
optlc_net_39             1        1      2         
optlc_net_4              1        1      2         
optlc_net_40             1        1      2         
optlc_net_41             1        1      2         
optlc_net_42             1        1      2         
optlc_net_43             1        1      2         
optlc_net_5              1        1      2         
optlc_net_6              1        1      2         
optlc_net_7              1        1      2         
optlc_net_8              1        1      2         
optlc_net_9              1        1      2         
prer[0]                  3        1      4         
prer[10]                 4        1      5         
prer[11]                 4        1      5         
prer[12]                 4        1      5         
prer[13]                 4        1      5         
prer[14]                 4        1      5         
prer[15]                 4        1      5         
prer[1]                  3        1      4         
prer[2]                  4        1      5         
prer[3]                  4        1      5         
prer[4]                  4        1      5         
prer[5]                  4        1      5         
prer[6]                  4        1      5         
prer[7]                  4        1      5         
prer[8]                  4        1      5         
prer[9]                  4        1      5         
rxr[0]                   3        1      4         
rxr[1]                   3        1      4         
rxr[2]                   3        1      4         
rxr[3]                   3        1      4         
rxr[4]                   3        1      4         
rxr[5]                   3        1      4         
rxr[6]                   3        1      4         
rxr[7]                   3        1      4         
scl_pad_i                1        1      2         
scl_pad_o                1        1      2         
scl_padoen_o             3        1      4         
sda_pad_i                1        1      2         
sda_pad_o                1        1      2         
sda_padoen_o             3        1      4         
sel_clk                153        1    154         
sr[5]                    2        1      3         
sr[6]                    2        1      3         
sr[7]                    1        1      2         
sr_0                     3        1      4         
sr_1                     1        1      2         
test_mode                2        1      3         
txr[0]                   3        1      4         
txr[1]                   3        1      4         
txr[2]                   3        1      4         
txr[3]                   3        1      4         
txr[4]                   3        1      4         
txr[5]                   3        1      4         
txr[6]                   3        1      4         
txr[7]                   3        1      4         
wb_ack_o                 2        1      3         
wb_adr_i[0]              6        1      7         
wb_adr_i[1]              5        1      6         
wb_adr_i[2]              3        1      4         
wb_clk_i                 1        1      2         
wb_cyc_i                 1        1      2         
wb_dat_i[0]              2        1      3         
wb_dat_i[1]              2        1      3         
wb_dat_i[2]              2        1      3         
wb_dat_i[3]              2        1      3         
wb_dat_i[4]              2        1      3         
wb_dat_i[5]              2        1      3         
wb_dat_i[6]              2        1      3         
wb_dat_i[7]              2        1      3         
wb_dat_o[0]              1        1      2         
wb_dat_o[1]              1        1      2         
wb_dat_o[2]              1        1      2         
wb_dat_o[3]              1        1      2         
wb_dat_o[4]              1        1      2         
wb_dat_o[5]              1        1      2         
wb_dat_o[6]              1        1      2         
wb_dat_o[7]              1        1      2         
wb_inta_o                1        1      2         
wb_rst_i                 5        1      6         
wb_stb_i                 1        1      2         
wb_wacc                  2        1      3         
wb_we_i                  1        1      2         

Attributes
    d - user dont_touch
    D - derived dont_touch

--------------------------------------------------------------------------------
Total 337 nets         897      333   1230
Maximum                153        1    154
Average               2.66     0.99   3.65
1
