****************************************
Report : report_utilization
Design : i2c_master_top
Version: O-2018.06-SP1
Date   : Sun Aug 30 00:32:16 2026
****************************************
Utilization Ratio:			0.5293
Utilization options:
 - Area calculation based on:		site_row of block i2c_master_top_placement
 - Categories of objects excluded:	hard_macros macro_keepouts soft_macros io_cells hard_blockages 
Total Area:				19243.0080
Total Capacity Area:			19243.0080
Total Area of cells:			10185.5232
Area of excluded objects:
 - hard_macros         :		0.0000
 - macro_keepouts      :		0.0000
 - soft_macros         :		0.0000
 - io_cells            :		0.0000
 - hard_blockages      :		0.0000

Utilization of site-rows with:
 - Site 'unit':				0.5293

0.5293
